mkdir -p bareMetalC
mkdir -p imagenet
mkdir -p transformers
mkdir -p mlps
make -C imagenet -f /home/chipyard/chipyard/generators/gemmini/software/gemmini-rocc-tests/build/../imagenet/Makefile abs_top_srcdir=/home/chipyard/chipyard/generators/gemmini/software/gemmini-rocc-tests/build/.. XLEN=64 PREFIX=examples-imagenet src_dir=/home/chipyard/chipyard/generators/gemmini/software/gemmini-rocc-tests/build/../imagenet RISCVTOOLS=@RISCVTOOLS@
make -C bareMetalC -f /home/chipyard/chipyard/generators/gemmini/software/gemmini-rocc-tests/build/../bareMetalC/Makefile abs_top_srcdir=/home/chipyard/chipyard/generators/gemmini/software/gemmini-rocc-tests/build/.. XLEN=64 PREFIX=examples-bareMetalC src_dir=/home/chipyard/chipyard/generators/gemmini/software/gemmini-rocc-tests/build/../bareMetalC RISCVTOOLS=@RISCVTOOLS@
make -C mlps -f /home/chipyard/chipyard/generators/gemmini/software/gemmini-rocc-tests/build/../mlps/Makefile abs_top_srcdir=/home/chipyard/chipyard/generators/gemmini/software/gemmini-rocc-tests/build/.. XLEN=64 PREFIX=examples-mlps src_dir=/home/chipyard/chipyard/generators/gemmini/software/gemmini-rocc-tests/build/../mlps RISCVTOOLS=@RISCVTOOLS@
make[1]: Entering directory '/home/chipyard/chipyard/generators/gemmini/software/gemmini-rocc-tests/build/bareMetalC'
make[1]: Entering directory '/home/chipyard/chipyard/generators/gemmini/software/gemmini-rocc-tests/build/imagenet'
make -C transformers -f /home/chipyard/chipyard/generators/gemmini/software/gemmini-rocc-tests/build/../transformers/Makefile abs_top_srcdir=/home/chipyard/chipyard/generators/gemmini/software/gemmini-rocc-tests/build/.. XLEN=64 PREFIX=examples-transformers src_dir=/home/chipyard/chipyard/generators/gemmini/software/gemmini-rocc-tests/build/../transformers RISCVTOOLS=@RISCVTOOLS@
make[1]: Entering directory '/home/chipyard/chipyard/generators/gemmini/software/gemmini-rocc-tests/build/mlps'
make[1]: Entering directory '/home/chipyard/chipyard/generators/gemmini/software/gemmini-rocc-tests/build/transformers'
make[1]: Nothing to be done for 'default'.
make[1]: Leaving directory '/home/chipyard/chipyard/generators/gemmini/software/gemmini-rocc-tests/build/imagenet'
riscv64-unknown-elf-gcc  -DPREALLOCATE=1 -DMULTITHREAD=1 -mcmodel=medany -std=gnu99 -O3 -funroll-loops -fomit-frame-pointer -ffast-math -fno-common -fno-builtin-printf -fno-tree-loop-distribute-patterns -march=rv64gc -Wa,-march=rv64gc -lm -lgcc -I/home/chipyard/chipyard/generators/gemmini/software/gemmini-rocc-tests/build/../riscv-tests -I/home/chipyard/chipyard/generators/gemmini/software/gemmini-rocc-tests/build/../riscv-tests/env -I/home/chipyard/chipyard/generators/gemmini/software/gemmini-rocc-tests/build/.. -I/home/chipyard/chipyard/generators/gemmini/software/gemmini-rocc-tests/build/../riscv-tests/benchmarks/common -DID_STRING= -DPRINT_TILE=0  -nostdlib -nostartfiles -static -T /home/chipyard/chipyard/generators/gemmini/software/gemmini-rocc-tests/build/../riscv-tests/benchmarks/common/test.ld -DBAREMETAL=1  /home/chipyard/chipyard/generators/gemmini/software/gemmini-rocc-tests/build/../bareMetalC/ws_os_single.c  -o ws_os_single-baremetal \
	/home/chipyard/chipyard/generators/gemmini/software/gemmini-rocc-tests/build/../riscv-tests/benchmarks/common/syscalls.c /home/chipyard/chipyard/generators/gemmini/software/gemmini-rocc-tests/build/../riscv-tests/benchmarks/common/crt.S 
make[1]: Nothing to be done for 'default'.
make[1]: Leaving directory '/home/chipyard/chipyard/generators/gemmini/software/gemmini-rocc-tests/build/transformers'
make[1]: Nothing to be done for 'default'.
make[1]: Leaving directory '/home/chipyard/chipyard/generators/gemmini/software/gemmini-rocc-tests/build/mlps'
/home/chipyard/chipyard/generators/gemmini/software/gemmini-rocc-tests/build/../bareMetalC/ws_os_single.c:5:10: fatal error: stdio.h: No such file or directory
    5 | #include <stdio.h>
      |          ^~~~~~~~~
compilation terminated.
/home/chipyard/chipyard/generators/gemmini/software/gemmini-rocc-tests/build/../riscv-tests/benchmarks/common/syscalls.c:4:10: fatal error: string.h: No such file or directory
    4 | #include <string.h>
      |          ^~~~~~~~~~
compilation terminated.
make[1]: *** [/home/chipyard/chipyard/generators/gemmini/software/gemmini-rocc-tests/build/../bareMetalC/Makefile:123: ws_os_single-baremetal] Error 1
make[1]: Leaving directory '/home/chipyard/chipyard/generators/gemmini/software/gemmini-rocc-tests/build/bareMetalC'
make: *** [Makefile:20: bareMetalC] Error 2
