mkdir -p bareMetalC
mkdir -p imagenet
mkdir -p transformers
mkdir -p mlps
make -C bareMetalC -f /home/chipyard_1/chipyard/generators/gemmini/software/gemmini-rocc-tests/build/../bareMetalC/Makefile abs_top_srcdir=/home/chipyard_1/chipyard/generators/gemmini/software/gemmini-rocc-tests/build/.. XLEN=64 PREFIX=examples-bareMetalC src_dir=/home/chipyard_1/chipyard/generators/gemmini/software/gemmini-rocc-tests/build/../bareMetalC RISCVTOOLS=@RISCVTOOLS@
make -C imagenet -f /home/chipyard_1/chipyard/generators/gemmini/software/gemmini-rocc-tests/build/../imagenet/Makefile abs_top_srcdir=/home/chipyard_1/chipyard/generators/gemmini/software/gemmini-rocc-tests/build/.. XLEN=64 PREFIX=examples-imagenet src_dir=/home/chipyard_1/chipyard/generators/gemmini/software/gemmini-rocc-tests/build/../imagenet RISCVTOOLS=@RISCVTOOLS@
make -C transformers -f /home/chipyard_1/chipyard/generators/gemmini/software/gemmini-rocc-tests/build/../transformers/Makefile abs_top_srcdir=/home/chipyard_1/chipyard/generators/gemmini/software/gemmini-rocc-tests/build/.. XLEN=64 PREFIX=examples-transformers src_dir=/home/chipyard_1/chipyard/generators/gemmini/software/gemmini-rocc-tests/build/../transformers RISCVTOOLS=@RISCVTOOLS@
make -C mlps -f /home/chipyard_1/chipyard/generators/gemmini/software/gemmini-rocc-tests/build/../mlps/Makefile abs_top_srcdir=/home/chipyard_1/chipyard/generators/gemmini/software/gemmini-rocc-tests/build/.. XLEN=64 PREFIX=examples-mlps src_dir=/home/chipyard_1/chipyard/generators/gemmini/software/gemmini-rocc-tests/build/../mlps RISCVTOOLS=@RISCVTOOLS@
make[1]: Entering directory '/home/chipyard_1/chipyard/generators/gemmini/software/gemmini-rocc-tests/build/imagenet'
make[1]: Entering directory '/home/chipyard_1/chipyard/generators/gemmini/software/gemmini-rocc-tests/build/bareMetalC'
make[1]: Entering directory '/home/chipyard_1/chipyard/generators/gemmini/software/gemmini-rocc-tests/build/mlps'
make[1]: Entering directory '/home/chipyard_1/chipyard/generators/gemmini/software/gemmini-rocc-tests/build/transformers'
make[1]: Nothing to be done for 'default'.
make[1]: Leaving directory '/home/chipyard_1/chipyard/generators/gemmini/software/gemmini-rocc-tests/build/imagenet'
make[1]: Nothing to be done for 'default'.
make[1]: Leaving directory '/home/chipyard_1/chipyard/generators/gemmini/software/gemmini-rocc-tests/build/transformers'
riscv64-unknown-elf-gcc  -DPREALLOCATE=1 -DMULTITHREAD=1 -mcmodel=medany -std=gnu99 -O3 -funroll-loops -fomit-frame-pointer -ffast-math -fno-common -fno-builtin-printf -fno-tree-loop-distribute-patterns -march=rv64gc -Wa,-march=rv64gc -lm -lgcc -I/home/chipyard_1/chipyard/generators/gemmini/software/gemmini-rocc-tests/build/../riscv-tests -I/home/chipyard_1/chipyard/generators/gemmini/software/gemmini-rocc-tests/build/../riscv-tests/env -I/home/chipyard_1/chipyard/generators/gemmini/software/gemmini-rocc-tests/build/.. -I/home/chipyard_1/chipyard/generators/gemmini/software/gemmini-rocc-tests/build/../riscv-tests/benchmarks/common -DID_STRING= -DPRINT_TILE=0  -nostdlib -nostartfiles -static -T /home/chipyard_1/chipyard/generators/gemmini/software/gemmini-rocc-tests/build/../riscv-tests/benchmarks/common/test.ld -DBAREMETAL=1  /home/chipyard_1/chipyard/generators/gemmini/software/gemmini-rocc-tests/build/../bareMetalC/ws_os_single.c  -o ws_os_single-baremetal \
	/home/chipyard_1/chipyard/generators/gemmini/software/gemmini-rocc-tests/build/../riscv-tests/benchmarks/common/syscalls.c /home/chipyard_1/chipyard/generators/gemmini/software/gemmini-rocc-tests/build/../riscv-tests/benchmarks/common/crt.S 
make[1]: Nothing to be done for 'default'.
make[1]: Leaving directory '/home/chipyard_1/chipyard/generators/gemmini/software/gemmini-rocc-tests/build/mlps'
riscv64-unknown-linux-gnu-gcc  -DPREALLOCATE=1 -DMULTITHREAD=1 -mcmodel=medany -std=gnu99 -O3 -funroll-loops -fomit-frame-pointer -ffast-math -fno-common -fno-builtin-printf -fno-tree-loop-distribute-patterns -march=rv64gc -Wa,-march=rv64gc -lm -lgcc -I/home/chipyard_1/chipyard/generators/gemmini/software/gemmini-rocc-tests/build/../riscv-tests -I/home/chipyard_1/chipyard/generators/gemmini/software/gemmini-rocc-tests/build/../riscv-tests/env -I/home/chipyard_1/chipyard/generators/gemmini/software/gemmini-rocc-tests/build/.. -I/home/chipyard_1/chipyard/generators/gemmini/software/gemmini-rocc-tests/build/../riscv-tests/benchmarks/common -DID_STRING= -DPRINT_TILE=0  /home/chipyard_1/chipyard/generators/gemmini/software/gemmini-rocc-tests/build/../bareMetalC/ws_os_single.c  -o ws_os_single-linux
riscv64-unknown-linux-gnu-gcc  -DPREALLOCATE=1 -DMULTITHREAD=1 -mcmodel=medany -std=gnu99 -O3 -funroll-loops -fomit-frame-pointer -ffast-math -fno-common -fno-builtin-printf -fno-tree-loop-distribute-patterns -march=rv64gc -Wa,-march=rv64gc -lm -lgcc -I/home/chipyard_1/chipyard/generators/gemmini/software/gemmini-rocc-tests/build/../riscv-tests -I/home/chipyard_1/chipyard/generators/gemmini/software/gemmini-rocc-tests/build/../riscv-tests/env -I/home/chipyard_1/chipyard/generators/gemmini/software/gemmini-rocc-tests/build/.. -I/home/chipyard_1/chipyard/generators/gemmini/software/gemmini-rocc-tests/build/../riscv-tests/benchmarks/common -DID_STRING= -DPRINT_TILE=0  -static -DBAREMETAL=1  /home/chipyard_1/chipyard/generators/gemmini/software/gemmini-rocc-tests/build/../bareMetalC/ws_os_single.c  -o ws_os_single-pk
/home/chipyard_1/chipyard/.conda-env/riscv-tools/bin/../lib/gcc/riscv64-unknown-elf/13.2.0/../../../../riscv64-unknown-elf/bin/ld: warning: ws_os_single-baremetal has a LOAD segment with RWX permissions
make[1]: Leaving directory '/home/chipyard_1/chipyard/generators/gemmini/software/gemmini-rocc-tests/build/bareMetalC'
